[html.dreamitsolution.net/prygo/index-2.html]
[backblue.gif]
[fade.gif]
[index.html]
[html.dreamitsolution.net/prygo/assets/images/fav-icon/icon.png]
[html.dreamitsolution.net/prygo/assets/css/bootstrap.min.css]
[html.dreamitsolution.net/prygo/assets/css/owl.carousel.min.css]
[html.dreamitsolution.net/prygo/assets/css/animate.css]
[html.dreamitsolution.net/prygo/assets/css/animated-text.css]
[html.dreamitsolution.net/prygo/assets/css/flaticon.css]
[html.dreamitsolution.net/prygo/assets/css/all.min.css]
[html.dreamitsolution.net/prygo/assets/css/theme-default.css]
[html.dreamitsolution.net/prygo/assets/css/meanmenu.min.css]
[html.dreamitsolution.net/prygo/assets/css/owl.transitions.css]
[html.dreamitsolution.net/prygo/venobox/venobox.css]
[html.dreamitsolution.net/prygo/style.css]
[html.dreamitsolution.net/prygo/assets/css/responsive.css]
[html.dreamitsolution.net/prygo/assets/js/vendor/modernizr-3.5.0.min.js]
[html.dreamitsolution.net/prygo/index.html]
[cdn.jsdelivr.net/npm/bootstrap-icons@1.9.1/font/bootstrap-icons.css]
[html.dreamitsolution.net/prygo/assets/images/logo3.png]
[html.dreamitsolution.net/prygo/assets/images/logo.png]
[html.dreamitsolution.net/prygo/landing-1.html]
[html.dreamitsolution.net/prygo/about.html]
[html.dreamitsolution.net/prygo/service.html]
[html.dreamitsolution.net/prygo/pricing.html]
[html.dreamitsolution.net/prygo/service-details.html]
[html.dreamitsolution.net/prygo/portfolio.html]
[html.dreamitsolution.net/prygo/portfolio-details.html]
[html.dreamitsolution.net/prygo/team.html]
[html.dreamitsolution.net/prygo/contact.html]
[html.dreamitsolution.net/prygo/blog-grid.html]
[html.dreamitsolution.net/prygo/blog-list.html]
[html.dreamitsolution.net/prygo/assets/images/resource/hd-icon.png]
[html.dreamitsolution.net/prygo/blog-details.html]
[html.dreamitsolution.net/prygo/assets/images/about/about2.png]
[html.dreamitsolution.net/prygo/assets/images/about/ab-icon1.png]
[html.dreamitsolution.net/prygo/assets/images/about/ab-icon2.png]
[html.dreamitsolution.net/prygo/assets/images/resource/sr4.jpg]
[html.dreamitsolution.net/prygo/assets/images/resource/sr5.jpg]
[html.dreamitsolution.net/prygo/assets/images/resource/sr6.jpg]
[html.dreamitsolution.net/prygo/assets/images/portfolio/pt1.jpg]
[html.dreamitsolution.net/prygo/assets/images/portfolio/pt2.jpg]
[html.dreamitsolution.net/prygo/assets/images/portfolio/pt3.jpg]
[html.dreamitsolution.net/prygo/assets/images/portfolio/pt4.jpg]
[html.dreamitsolution.net/prygo/assets/images/resource/price-spt.png]
[html.dreamitsolution.net/prygo/assets/images/resource/team1.jpg]
[html.dreamitsolution.net/prygo/assets/images/resource/team2.jpg]
[html.dreamitsolution.net/prygo/assets/images/resource/team3.jpg]
[html.dreamitsolution.net/prygo/assets/images/resource/blog1.jpg]
[html.dreamitsolution.net/prygo/assets/images/resource/blog2.jpg]
[html.dreamitsolution.net/prygo/assets/images/resource/blog3.jpg]
[html.dreamitsolution.net/prygo/assets/images/logo4.png]
[html.dreamitsolution.net/prygo/assets/images/resource/recent1.jpg]
[html.dreamitsolution.net/prygo/assets/images/resource/recent2.jpg]
[html.dreamitsolution.net/prygo/assets/js/vendor/jquery-3.6.2.min.js]
[html.dreamitsolution.net/prygo/assets/js/bootstrap.min.js]
[html.dreamitsolution.net/prygo/assets/js/owl.carousel.min.js]
[html.dreamitsolution.net/prygo/assets/js/jquery.counterup.min.js]
[html.dreamitsolution.net/prygo/assets/js/waypoints.min.js]
[html.dreamitsolution.net/prygo/assets/js/wow.js]
[html.dreamitsolution.net/prygo/assets/js/imagesloaded.pkgd.min.js]
[html.dreamitsolution.net/prygo/venobox/venobox.js]
[html.dreamitsolution.net/prygo/assets/js/ajax-mail.js]
[html.dreamitsolution.net/prygo/assets/js/animated-text.js]
[html.dreamitsolution.net/prygo/venobox/venobox.min.js]
[html.dreamitsolution.net/prygo/assets/js/jquery.meanmenu.js]
[html.dreamitsolution.net/prygo/assets/js/isotope.pkgd.min.js]
[html.dreamitsolution.net/prygo/assets/js/jquery.scrollUp.js]
[html.dreamitsolution.net/prygo/assets/js/theme.js]
[html.dreamitsolution.net/prygo/index-2.html]
[html.dreamitsolution.net/prygo/assets/js/jquery.barfiller.js]
[html.dreamitsolution.net/prygo/assets/css/bootstrap.min.css]
[html.dreamitsolution.net/prygo/assets/css/owl.carousel.min.css]
[html.dreamitsolution.net/prygo/assets/css/animate.css]
[html.dreamitsolution.net/prygo/assets/css/animated-text.css]
[html.dreamitsolution.net/prygo/assets/webfonts/fa-brands-400.woff2]
[html.dreamitsolution.net/prygo/assets/webfonts/fa-brands-400.woff]
[html.dreamitsolution.net/prygo/assets/webfonts/fa-brands-400.eot]
[html.dreamitsolution.net/prygo/assets/webfonts/fa-brands-400d41d.eot]
[html.dreamitsolution.net/prygo/assets/webfonts/fa-brands-400.ttf]
[html.dreamitsolution.net/prygo/assets/webfonts/fa-regular-400.eot]
[html.dreamitsolution.net/prygo/assets/webfonts/fa-regular-400d41d.eot]
[html.dreamitsolution.net/prygo/assets/webfonts/fa-regular-400.woff2]
[html.dreamitsolution.net/prygo/assets/webfonts/fa-regular-400.woff]
[html.dreamitsolution.net/prygo/assets/webfonts/fa-regular-400.ttf]
[html.dreamitsolution.net/prygo/assets/webfonts/fa-regular-400.svg]
[html.dreamitsolution.net/prygo/assets/webfonts/fa-solid-900.woff2]
[html.dreamitsolution.net/prygo/assets/webfonts/fa-solid-900.eot]
[html.dreamitsolution.net/prygo/assets/webfonts/fa-solid-900.woff]
[html.dreamitsolution.net/prygo/assets/webfonts/fa-brands-400.svg]
[html.dreamitsolution.net/prygo/assets/webfonts/fa-solid-900d41d.eot]
[html.dreamitsolution.net/prygo/assets/webfonts/fa-solid-900.ttf]
[html.dreamitsolution.net/prygo/assets/css/all.min.css]
[html.dreamitsolution.net/prygo/assets/fonts/flaticon-set-logisticse381e381.woff]
[html.dreamitsolution.net/prygo/assets/fonts/flaticon-set-logisticse381e381.woff2]
[html.dreamitsolution.net/prygo/assets/fonts/flaticon-set-logisticse381e381.ttf]
[html.dreamitsolution.net/prygo/assets/css/flaticon.css]
[html.dreamitsolution.net/prygo/assets/css/theme-default.css]
[html.dreamitsolution.net/prygo/assets/css/meanmenu.min.css]
[html.dreamitsolution.net/prygo/assets/fonts/flaticon-set-logisticse381e381.eot]
[html.dreamitsolution.net/prygo/assets/images/slider/banner1.jpg]
[html.dreamitsolution.net/prygo/assets/images/slider/slider1.jpg]
[html.dreamitsolution.net/prygo/assets/images/resource/fc1.png]
[html.dreamitsolution.net/prygo/assets/images/resource/sr-bg.jpg]
[html.dreamitsolution.net/prygo/assets/images/resource/sr-bg2.jpg]
[html.dreamitsolution.net/prygo/assets/webfonts/fa-solid-900.svg]
[html.dreamitsolution.net/prygo/assets/images/resource/video-bg.png]
[html.dreamitsolution.net/prygo/assets/images/resource/video-bg2.jpg]
[html.dreamitsolution.net/prygo/assets/images/resource/howit.jpg]
[html.dreamitsolution.net/prygo/assets/images/resource/sp.png]
[html.dreamitsolution.net/prygo/assets/images/resource/prts-bg.jpg]
[html.dreamitsolution.net/prygo/assets/images/resource/test-bg.jpg]
[html.dreamitsolution.net/prygo/assets/images/resource/pr1.jpg]
[html.dreamitsolution.net/prygo/assets/images/resource/pr3.jpg]
[html.dreamitsolution.net/prygo/assets/images/resource/pr-shape1.png]
[html.dreamitsolution.net/prygo/assets/images/resource/pr-shape.png]
[html.dreamitsolution.net/prygo/assets/images/resource/pr2.jpg]
[html.dreamitsolution.net/prygo/assets/images/resource/skill-bg.jpg]
[html.dreamitsolution.net/prygo/assets/images/resource/counter-bg.jpg]
[html.dreamitsolution.net/prygo/assets/fonts/flaticon-set-logisticse381e381.svg]
[html.dreamitsolution.net/prygo/assets/images/resource/msvs.jpg]
[html.dreamitsolution.net/prygo/assets/images/resource/line.png]
[html.dreamitsolution.net/prygo/assets/images/resource/quite.png]
[html.dreamitsolution.net/prygo/assets/images/resource/ns-bg.jpg]
[html.dreamitsolution.net/prygo/assets/images/resource/footer-bg.jpg]
[html.dreamitsolution.net/prygo/style.css]
[html.dreamitsolution.net/prygo/assets/css/owl.transitions.css]
[html.dreamitsolution.net/prygo/venobox/preload-circle.png]
[html.dreamitsolution.net/prygo/venobox/close.gif]
[html.dreamitsolution.net/prygo/venobox/prev.gif]
[html.dreamitsolution.net/prygo/venobox/next.gif]
[html.dreamitsolution.net/prygo/venobox/venobox.css]
[html.dreamitsolution.net/prygo/assets/css/responsive.css]
[cdn.jsdelivr.net/npm/bootstrap-icons@1.9.1/font/fonts/bootstrap-iconsd862.woff2]
[cdn.jsdelivr.net/npm/bootstrap-icons@1.9.1/font/fonts/bootstrap-iconsd862.woff]
[cdn.jsdelivr.net/npm/bootstrap-icons@1.9.1/font/bootstrap-icons.css]
[html.dreamitsolution.net/prygo/assets/images/resource/ht1.png]
[html.dreamitsolution.net/prygo/assets/images/resource/ht2.png]
[html.dreamitsolution.net/prygo/assets/images/resource/csp.png]
[html.dreamitsolution.net/prygo/assets/images/about/about1.png]
[html.dreamitsolution.net/prygo/assets/images/resource/sr1.jpg]
[html.dreamitsolution.net/prygo/assets/images/resource/sr2.png]
[html.dreamitsolution.net/prygo/assets/images/resource/sr3.png]
[html.dreamitsolution.net/prygo/assets/images/resource/choose.jpg]
[html.dreamitsolution.net/prygo/assets/images/resource/testi1.png]
[html.dreamitsolution.net/prygo/assets/images/resource/testi2.png]
[html.dreamitsolution.net/prygo/assets/images/logo2.png]
[html.dreamitsolution.net/prygo/index.html]
[html.dreamitsolution.net/prygo/assets/images/resource/contacts.jpg]
[html.dreamitsolution.net/prygo/landing-1.html]
[html.dreamitsolution.net/prygo/assets/images/resource/hd-icon2.png]
[html.dreamitsolution.net/prygo/about.html]
[html.dreamitsolution.net/prygo/assets/images/resource/ser1.jpg]
[html.dreamitsolution.net/prygo/assets/images/resource/ser2.jpg]
[html.dreamitsolution.net/prygo/assets/images/resource/ser3.jpg]
[html.dreamitsolution.net/prygo/assets/images/resource/ser4.jpg]
[html.dreamitsolution.net/prygo/assets/images/resource/ser5.jpg]
[html.dreamitsolution.net/prygo/assets/images/resource/ser6.jpg]
[html.dreamitsolution.net/prygo/service.html]
[html.dreamitsolution.net/prygo/assets/images/resource/service-details.png]
[html.dreamitsolution.net/prygo/assets/images/resource/service-details-vd.jpg]
[html.dreamitsolution.net/prygo/service-details.html]
[html.dreamitsolution.net/prygo/pricing.html]
[html.dreamitsolution.net/prygo/team.html]
[html.dreamitsolution.net/prygo/portfolio.html]
[html.dreamitsolution.net/prygo/assets/images/resource/portfolio-details1.jpg]
[html.dreamitsolution.net/prygo/assets/images/resource/prt-dt1.jpg]
[html.dreamitsolution.net/prygo/assets/images/resource/prt-dt2.jpg]
[html.dreamitsolution.net/prygo/assets/images/resource/prt-dt3.jpg]
[html.dreamitsolution.net/prygo/portfolio-details.html]
[html.dreamitsolution.net/prygo/contact.html]
[html.dreamitsolution.net/prygo/blog-grid.html]
[html.dreamitsolution.net/prygo/assets/images/resource/recend1.jpg]
[html.dreamitsolution.net/prygo/assets/images/resource/recend2.jpg]
[html.dreamitsolution.net/prygo/assets/images/resource/recend3.jpg]
[html.dreamitsolution.net/prygo/assets/images/resource/gallery1.jpg]
[html.dreamitsolution.net/prygo/assets/images/resource/gallery2.jpg]
[html.dreamitsolution.net/prygo/assets/images/resource/gallery3.jpg]
[html.dreamitsolution.net/prygo/assets/images/resource/gallery4.jpg]
[html.dreamitsolution.net/prygo/assets/images/resource/gallery5.jpg]
[html.dreamitsolution.net/prygo/assets/images/resource/gallery6.jpg]
[html.dreamitsolution.net/prygo/blog-list.html]
[html.dreamitsolution.net/prygo/assets/images/resource/blog-details1.jpg]
[html.dreamitsolution.net/prygo/assets/images/resource/blog-details2.jpg]
[html.dreamitsolution.net/prygo/assets/images/resource/blog-details3.jpg]
[html.dreamitsolution.net/prygo/assets/images/resource/author-blog.png]
[html.dreamitsolution.net/prygo/assets/images/resource/comment1.png]
[html.dreamitsolution.net/prygo/assets/images/resource/comment2.png]
[html.dreamitsolution.net/prygo/blog-details.html]
[html.dreamitsolution.net/prygo/assets/css/owl.video.play.html]
[html.dreamitsolution.net/prygo/assets/webfonts/fa-brands-400.svg]
[html.dreamitsolution.net/prygo/assets/webfonts/fa-regular-400.svg]
[html.dreamitsolution.net/prygo/assets/webfonts/fa-solid-900.svg]
[html.dreamitsolution.net/prygo/assets/fonts/flaticon-set-logisticse381e381.svg]
[html.dreamitsolution.net/prygo/assets/images/resource/hd-icon.html]
